Warning: Design 'QuadCopter' has '1' unresolved references. For more detailed information, use the "link" command. (UID-341)
 
****************************************
Report : timing
        -path full
        -delay min
        -nworst 3
        -max_paths 3
Design : QuadCopter
Version: M-2016.12
Date   : Wed Dec 13 19:41:17 2017
****************************************

 # A fanout number of 1000 was used for high fanout net computations.

Operating Conditions: NCCOM   Library: tcbn40lpbwptc
Wire Load Model Mode: segmented

  Startpoint: iUART_WRAP/cmd_rdy_reg
              (rising edge-triggered flip-flop clocked by clk)
  Endpoint: iUART_WRAP/cmd_rdy_reg
            (rising edge-triggered flip-flop clocked by clk)
  Path Group: clk
  Path Type: min

  Des/Clust/Port     Wire Load Model       Library
  ------------------------------------------------
  QuadCopter         TSMC32K_Lowk_Conservative
                                           tcbn40lpbwptc

  Point                                                   Incr       Path
  --------------------------------------------------------------------------
  clock clk (rise edge)                                   0.00       0.00
  clock network delay (ideal)                             0.00       0.00
  iUART_WRAP/cmd_rdy_reg/CP (DFCNQD1BWP)                  0.00 #     0.00 r
  iUART_WRAP/cmd_rdy_reg/Q (DFCNQD1BWP)                   0.13       0.13 f
  U4710/ZN (INVD1BWP)                                     0.02       0.15 r
  U4709/ZN (OAI32D1BWP)                                   0.03       0.18 f
  iUART_WRAP/cmd_rdy_reg/D (DFCNQD1BWP)                   0.00       0.18 f
  data arrival time                                                  0.18

  clock clk (rise edge)                                   0.00       0.00
  clock network delay (ideal)                             0.00       0.00
  clock uncertainty                                       0.15       0.15
  iUART_WRAP/cmd_rdy_reg/CP (DFCNQD1BWP)                  0.00       0.15 r
  library hold time                                       0.03       0.18
  data required time                                                 0.18
  --------------------------------------------------------------------------
  data required time                                                 0.18
  data arrival time                                                 -0.18
  --------------------------------------------------------------------------
  slack (MET)                                                        0.00


  Startpoint: iNEMO/iSPI/bit_cnt_reg[4]
              (rising edge-triggered flip-flop clocked by clk)
  Endpoint: iNEMO/iSPI/bit_cnt_reg[4]
            (rising edge-triggered flip-flop clocked by clk)
  Path Group: clk
  Path Type: min

  Des/Clust/Port     Wire Load Model       Library
  ------------------------------------------------
  QuadCopter         TSMC32K_Lowk_Conservative
                                           tcbn40lpbwptc

  Point                                                   Incr       Path
  --------------------------------------------------------------------------
  clock clk (rise edge)                                   0.00       0.00
  clock network delay (ideal)                             0.00       0.00
  iNEMO/iSPI/bit_cnt_reg[4]/CP (DFD1BWP)                  0.00 #     0.00 r
  iNEMO/iSPI/bit_cnt_reg[4]/Q (DFD1BWP)                   0.11       0.11 r
  U4718/ZN (OAI32D1BWP)                                   0.03       0.14 f
  U2117/Z (CKBD1BWP)                                      0.04       0.17 f
  iNEMO/iSPI/bit_cnt_reg[4]/D (DFD1BWP)                   0.00       0.17 f
  data arrival time                                                  0.17

  clock clk (rise edge)                                   0.00       0.00
  clock network delay (ideal)                             0.00       0.00
  clock uncertainty                                       0.15       0.15
  iNEMO/iSPI/bit_cnt_reg[4]/CP (DFD1BWP)                  0.00       0.15 r
  library hold time                                       0.02       0.17
  data required time                                                 0.17
  --------------------------------------------------------------------------
  data required time                                                 0.17
  data arrival time                                                 -0.17
  --------------------------------------------------------------------------
  slack (MET)                                                        0.00


  Startpoint: iA2D/iSPI/shft_reg_reg[0]
              (rising edge-triggered flip-flop clocked by clk)
  Endpoint: iA2D/iSPI/shft_reg_reg[0]
            (rising edge-triggered flip-flop clocked by clk)
  Path Group: clk
  Path Type: min

  Des/Clust/Port     Wire Load Model       Library
  ------------------------------------------------
  QuadCopter         TSMC32K_Lowk_Conservative
                                           tcbn40lpbwptc

  Point                                                   Incr       Path
  --------------------------------------------------------------------------
  clock clk (rise edge)                                   0.00       0.00
  clock network delay (ideal)                             0.00       0.00
  iA2D/iSPI/shft_reg_reg[0]/CP (DFQD1BWP)                 0.00 #     0.00 r
  iA2D/iSPI/shft_reg_reg[0]/Q (DFQD1BWP)                  0.12       0.12 f
  U4928/ZN (INVD1BWP)                                     0.03       0.14 r
  U4786/ZN (OAI22D1BWP)                                   0.03       0.17 f
  iA2D/iSPI/shft_reg_reg[0]/D (DFQD1BWP)                  0.00       0.17 f
  data arrival time                                                  0.17

  clock clk (rise edge)                                   0.00       0.00
  clock network delay (ideal)                             0.00       0.00
  clock uncertainty                                       0.15       0.15
  iA2D/iSPI/shft_reg_reg[0]/CP (DFQD1BWP)                 0.00       0.15 r
  library hold time                                       0.02       0.17
  data required time                                                 0.17
  --------------------------------------------------------------------------
  data required time                                                 0.17
  data arrival time                                                 -0.17
  --------------------------------------------------------------------------
  slack (MET)                                                        0.00


1
